<html>
<body>
<pre>
<h1>µVision Build Log</h1>
<h2>Project:</h2>
E:\ARM_Project\LPC1788_Ctrl_LPC1788\Program\GasSub_LPC1788\uc1788\project\uc1788.uvproj
Project File Date:  08/31/2014

<h2>Output:</h2>
Build target 'FLASH'
compiling mbrtu_m.c...
..\..\FreeModbus\modbus\include\mbport.h(122): error:  #20: identifier "RS485_NUM" is undefined
..\..\FreeModbus\modbus\include\mbport.h(131): error:  #20: identifier "RS485_NUM" is undefined
..\..\FreeModbus\modbus\include\mbport.h(133): error:  #20: identifier "RS485_NUM" is undefined
..\..\FreeModbus\modbus\include\mbport.h(188): error:  #20: identifier "RS485_NUM" is undefined
..\..\FreeModbus\modbus\include\mbport.h(190): error:  #20: identifier "RS485_NUM" is undefined
..\..\FreeModbus\modbus\include\mb_m.h(120): error:  #20: identifier "RS485_NUM" is undefined
..\..\FreeModbus\modbus\rtu\mbrtu.h(54): error:  #20: identifier "RS485_NUM" is undefined
..\..\FreeModbus\modbus\rtu\mbrtu.h(59): error:  #20: identifier "RS485_NUM" is undefined
..\..\FreeModbus\modbus\rtu\mbrtu.h(60): error:  #20: identifier "RS485_NUM" is undefined
..\..\FreeModbus\modbus\rtu\mbrtu_m.c(90): error:  #20: identifier "RS485_NUM" is undefined
..\..\FreeModbus\modbus\rtu\mbrtu_m.c(167): warning:  #223-D: function "assert_param" declared implicitly
..\..\FreeModbus\modbus\rtu\mbrtu_m.c(238): error:  #20: identifier "RS485_NUM" is undefined
..\..\FreeModbus\modbus\rtu\mbrtu_m.c(243): warning:  #223-D: function "assert_param" declared implicitly
..\..\FreeModbus\modbus\rtu\mbrtu_m.c(305): error:  #20: identifier "RS485_NUM" is undefined
..\..\FreeModbus\modbus\rtu\mbrtu_m.c(309): warning:  #223-D: function "assert_param" declared implicitly
..\..\FreeModbus\modbus\rtu\mbrtu_m.c(376): warning:  #223-D: function "assert_param" declared implicitly
..\..\FreeModbus\modbus\rtu\mbrtu_m.c(396): warning:  #223-D: function "assert_param" declared implicitly
compiling mb_m.c...
..\..\FreeModbus\modbus\include\mbport.h(122): error:  #20: identifier "RS485_NUM" is undefined
..\..\FreeModbus\modbus\include\mbport.h(131): error:  #20: identifier "RS485_NUM" is undefined
..\..\FreeModbus\modbus\include\mbport.h(133): error:  #20: identifier "RS485_NUM" is undefined
..\..\FreeModbus\modbus\include\mbport.h(188): error:  #20: identifier "RS485_NUM" is undefined
..\..\FreeModbus\modbus\include\mbport.h(190): error:  #20: identifier "RS485_NUM" is undefined
..\..\FreeModbus\modbus\include\mb_m.h(120): error:  #20: identifier "RS485_NUM" is undefined
..\..\FreeModbus\modbus\mb_m.c(51): error:  #5: cannot open source input file "mbrtu.h": No such file or directory
compiling mbfunccoils_m.c...
..\..\FreeModbus\modbus\include\mbport.h(122): error:  #20: identifier "RS485_NUM" is undefined
..\..\FreeModbus\modbus\include\mbport.h(131): error:  #20: identifier "RS485_NUM" is undefined
..\..\FreeModbus\modbus\include\mbport.h(133): error:  #20: identifier "RS485_NUM" is undefined
..\..\FreeModbus\modbus\include\mbport.h(188): error:  #20: identifier "RS485_NUM" is undefined
..\..\FreeModbus\modbus\include\mbport.h(190): error:  #20: identifier "RS485_NUM" is undefined
..\..\FreeModbus\modbus\include\mb_m.h(120): error:  #20: identifier "RS485_NUM" is undefined
compiling mbfuncdisc_m.c...
..\..\FreeModbus\modbus\include\mbport.h(122): error:  #20: identifier "RS485_NUM" is undefined
..\..\FreeModbus\modbus\include\mbport.h(131): error:  #20: identifier "RS485_NUM" is undefined
..\..\FreeModbus\modbus\include\mbport.h(133): error:  #20: identifier "RS485_NUM" is undefined
..\..\FreeModbus\modbus\include\mbport.h(188): error:  #20: identifier "RS485_NUM" is undefined
..\..\FreeModbus\modbus\include\mbport.h(190): error:  #20: identifier "RS485_NUM" is undefined
..\..\FreeModbus\modbus\include\mb_m.h(120): error:  #20: identifier "RS485_NUM" is undefined
compiling mbfuncholding_m.c...
..\..\FreeModbus\modbus\include\mbport.h(122): error:  #20: identifier "RS485_NUM" is undefined
..\..\FreeModbus\modbus\include\mbport.h(131): error:  #20: identifier "RS485_NUM" is undefined
..\..\FreeModbus\modbus\include\mbport.h(133): error:  #20: identifier "RS485_NUM" is undefined
..\..\FreeModbus\modbus\include\mbport.h(188): error:  #20: identifier "RS485_NUM" is undefined
..\..\FreeModbus\modbus\include\mbport.h(190): error:  #20: identifier "RS485_NUM" is undefined
..\..\FreeModbus\modbus\include\mb_m.h(120): error:  #20: identifier "RS485_NUM" is undefined
compiling mbfuncinput_m.c...
..\..\FreeModbus\modbus\include\mbport.h(122): error:  #20: identifier "RS485_NUM" is undefined
..\..\FreeModbus\modbus\include\mbport.h(131): error:  #20: identifier "RS485_NUM" is undefined
..\..\FreeModbus\modbus\include\mbport.h(133): error:  #20: identifier "RS485_NUM" is undefined
..\..\FreeModbus\modbus\include\mbport.h(188): error:  #20: identifier "RS485_NUM" is undefined
..\..\FreeModbus\modbus\include\mbport.h(190): error:  #20: identifier "RS485_NUM" is undefined
..\..\FreeModbus\modbus\include\mb_m.h(120): error:  #20: identifier "RS485_NUM" is undefined
compiling FMBport.c...
compiling portevent_m.c...
..\..\FreeModbus\modbus\include\mbport.h(122): error:  #20: identifier "RS485_NUM" is undefined
..\..\FreeModbus\modbus\include\mbport.h(131): error:  #20: identifier "RS485_NUM" is undefined
..\..\FreeModbus\modbus\include\mbport.h(133): error:  #20: identifier "RS485_NUM" is undefined
..\..\FreeModbus\modbus\include\mbport.h(188): error:  #20: identifier "RS485_NUM" is undefined
..\..\FreeModbus\modbus\include\mbport.h(190): error:  #20: identifier "RS485_NUM" is undefined
..\..\FreeModbus\modbus\include\mb_m.h(120): error:  #20: identifier "RS485_NUM" is undefined
compiling portserial_m.c...
..\..\FreeModbus\modbus\include\mbport.h(122): error:  #20: identifier "RS485_NUM" is undefined
..\..\FreeModbus\modbus\include\mbport.h(131): error:  #20: identifier "RS485_NUM" is undefined
..\..\FreeModbus\modbus\include\mbport.h(133): error:  #20: identifier "RS485_NUM" is undefined
..\..\FreeModbus\modbus\include\mbport.h(188): error:  #20: identifier "RS485_NUM" is undefined
..\..\FreeModbus\modbus\include\mbport.h(190): error:  #20: identifier "RS485_NUM" is undefined
..\..\LPC177x_8xLib\inc\lpc_types.h(55): error:  #40: expected an identifier
..\..\LPC177x_8xLib\inc\lpc_types.h(55): error:  #40: expected an identifier
..\..\FreeModbus\port\portserial_m.c(39): error:  #20: identifier "RS485_NUM" is undefined
..\..\FreeModbus\port\portserial_m.c(40): error:  #20: identifier "RS485_NUM" is undefined
..\..\FreeModbus\port\portserial_m.c(105): error:  #20: identifier "RS485_NUM" is undefined
..\..\FreeModbus\port\portserial_m.c(227): error:  #20: identifier "RS485_1" is undefined
..\..\FreeModbus\port\portserial_m.c(245): error:  #20: identifier "RS485_2" is undefined
..\..\FreeModbus\port\portserial_m.c(262): error:  #20: identifier "RS485_3" is undefined
..\..\FreeModbus\port\portserial_m.c(279): error:  #20: identifier "RS485_4" is undefined
..\..\FreeModbus\port\portserial_m.c(313): warning:  #111-D: statement is unreachable
..\..\FreeModbus\port\portserial_m.c(176): warning:  #550-D: variable "rs485cfg" was set but never used
..\..\FreeModbus\port\portserial_m.c(316): error:  #20: identifier "RS485_NUM" is undefined
..\..\FreeModbus\port\portserial_m.c(320): error:  #20: identifier "RS485_1" is undefined
..\..\FreeModbus\port\portserial_m.c(323): error:  #20: identifier "RS485_2" is undefined
..\..\FreeModbus\port\portserial_m.c(326): error:  #20: identifier "RS485_3" is undefined
..\..\FreeModbus\port\portserial_m.c(329): error:  #20: identifier "RS485_4" is undefined
..\..\FreeModbus\port\portserial_m.c(335): warning:  #111-D: statement is unreachable
..\..\FreeModbus\port\portserial_m.c(338): error:  #20: identifier "RS485_NUM" is undefined
..\..\FreeModbus\port\portserial_m.c(342): error:  #20: identifier "RS485_1" is undefined
..\..\FreeModbus\port\portserial_m.c(345): error:  #20: identifier "RS485_2" is undefined
..\..\FreeModbus\port\portserial_m.c(348): error:  #20: identifier "RS485_3" is undefined
..\..\FreeModbus\port\portserial_m.c(351): error:  #20: identifier "RS485_4" is undefined
..\..\FreeModbus\port\portserial_m.c(357): warning:  #111-D: statement is unreachable
..\..\FreeModbus\port\portserial_m.c(367): error:  #20: identifier "RS485_NUM" is undefined
..\..\FreeModbus\port\portserial_m.c(378): error:  #20: identifier "RS485_NUM" is undefined
..\..\FreeModbus\port\portserial_m.c(421): error:  #20: identifier "RS485_1" is undefined
..\..\FreeModbus\port\portserial_m.c(427): error:  #20: identifier "RS485_1" is undefined
..\..\FreeModbus\port\portserial_m.c(432): error:  #20: identifier "RS485_1" is undefined
..\..\FreeModbus\port\portserial_m.c(412): warning:  #550-D: variable "lineStatus" was set but never used
..\..\FreeModbus\port\portserial_m.c(457): error:  #20: identifier "RS485_2" is undefined
compiling porttimer_m.c...
..\..\FreeModbus\modbus\include\mbport.h(122): error:  #20: identifier "RS485_NUM" is undefined
..\..\FreeModbus\modbus\include\mbport.h(131): error:  #20: identifier "RS485_NUM" is undefined
..\..\FreeModbus\modbus\include\mbport.h(133): error:  #20: identifier "RS485_NUM" is undefined
..\..\FreeModbus\modbus\include\mbport.h(188): error:  #20: identifier "RS485_NUM" is undefined
..\..\FreeModbus\modbus\include\mbport.h(190): error:  #20: identifier "RS485_NUM" is undefined
..\..\FreeModbus\modbus\include\mb_m.h(120): error:  #20: identifier "RS485_NUM" is undefined
..\..\LPC177x_8xLib\inc\lpc_types.h(55): error:  #40: expected an identifier
..\..\LPC177x_8xLib\inc\lpc_types.h(55): error:  #40: expected an identifier
..\..\FreeModbus\port\porttimer_m.c(316): warning:  #550-D: variable "cpu_sr" was set but never used
compiling user_mb_app_m.c...
..\..\FreeModbus\modbus\include\mbport.h(122): error:  #20: identifier "RS485_NUM" is undefined
..\..\FreeModbus\modbus\include\mbport.h(131): error:  #20: identifier "RS485_NUM" is undefined
..\..\FreeModbus\modbus\include\mbport.h(133): error:  #20: identifier "RS485_NUM" is undefined
..\..\FreeModbus\modbus\include\mbport.h(188): error:  #20: identifier "RS485_NUM" is undefined
..\..\FreeModbus\modbus\include\mbport.h(190): error:  #20: identifier "RS485_NUM" is undefined
..\..\FreeModbus\modbus\include\mb_m.h(120): error:  #20: identifier "RS485_NUM" is undefined
"..\FLASH_obj\uc1788.axf" - 93 Errors, 11 Warning(s).
Target not created
Build target 'FLASH'
compiling eeprom_st24c02.c...
compiling tcp_test.c...
..\App\tcp_test.c(143): warning:  #177-D: variable "readFds" was declared but never referenced
..\App\tcp_test.c(143): warning:  #177-D: variable "writeFds" was declared but never referenced
..\App\tcp_test.c(143): warning:  #177-D: variable "exceptFds" was declared but never referenced
..\App\tcp_test.c(144): warning:  #177-D: variable "flag" was declared but never referenced
..\App\tcp_test.c(145): warning:  #177-D: variable "tv" was declared but never referenced
compiling user_BrowsTestpoint.c...
..\..\BoardSupport\com_uart.h(93): error:  #101: "RS485_UART0" has already been declared in the current scope
..\..\BoardSupport\com_uart.h(94): error:  #101: "RS485_UART2" has already been declared in the current scope
..\..\BoardSupport\com_uart.h(95): error:  #101: "RS485_UART3" has already been declared in the current scope
..\..\BoardSupport\com_uart.h(96): error:  #101: "RS485_UART4" has already been declared in the current scope
..\..\BoardSupport\com_uart.h(97): error:  #256: invalid redeclaration of type name "RS485_UART_NUM" (declared at line 105 of "..\..\User\DataStruct.h")
..\..\User\user_BrowsTestpoint.c(130): warning:  #181-D: argument is incompatible with corresponding format string conversion
..\..\User\user_BrowsTestpoint.c(239): warning:  #181-D: argument is incompatible with corresponding format string conversion
compiling user_DispBackpower.c...
compiling user_DispConnect.c...
compiling user_main.c...
..\..\BoardSupport\com_uart.h(93): error:  #101: "RS485_UART0" has already been declared in the current scope
..\..\BoardSupport\com_uart.h(94): error:  #101: "RS485_UART2" has already been declared in the current scope
..\..\BoardSupport\com_uart.h(95): error:  #101: "RS485_UART3" has already been declared in the current scope
..\..\BoardSupport\com_uart.h(96): error:  #101: "RS485_UART4" has already been declared in the current scope
..\..\BoardSupport\com_uart.h(97): error:  #256: invalid redeclaration of type name "RS485_UART_NUM" (declared at line 105 of "..\..\User\DataStruct.h")
..\..\User\user_SaveOption.h(11): warning:  #1295-D: Deprecated declaration EEPROM_ReadRati - give arg types
..\..\User\user_main.c(88): warning:  #1295-D: Deprecated declaration hvsftpd_main - give arg types
..\..\User\user_main.c(98): warning:  #177-D: variable "TaskErrorRateRS485Stk" was declared but never referenced
compiling user_menu.c...
..\..\BoardSupport\com_uart.h(93): error:  #101: "RS485_UART0" has already been declared in the current scope
..\..\BoardSupport\com_uart.h(94): error:  #101: "RS485_UART2" has already been declared in the current scope
..\..\BoardSupport\com_uart.h(95): error:  #101: "RS485_UART3" has already been declared in the current scope
..\..\BoardSupport\com_uart.h(96): error:  #101: "RS485_UART4" has already been declared in the current scope
..\..\BoardSupport\com_uart.h(97): error:  #256: invalid redeclaration of type name "RS485_UART_NUM" (declared at line 105 of "..\..\User\DataStruct.h")
..\..\User\user_menu.c(679): warning:  #223-D: function "LISTVIEW_GetEnterInfo" declared implicitly
compiling user_SetAddr.c...
..\..\User\user_SaveOption.h(11): warning:  #1295-D: Deprecated declaration EEPROM_ReadRati - give arg types
..\..\User\user_SetAddr.c(112): warning:  #223-D: function "sprintf" declared implicitly
..\..\User\user_SetAddr.c(113): warning:  #167-D: argument of type "unsigned char *" is incompatible with parameter of type "const char *"
..\..\User\user_SetAddr.c(117): warning:  #167-D: argument of type "unsigned char *" is incompatible with parameter of type "const char *"
..\..\User\user_SetAddr.c(121): warning:  #167-D: argument of type "unsigned char *" is incompatible with parameter of type "const char *"
..\..\User\user_SetAddr.c(125): warning:  #167-D: argument of type "unsigned char *" is incompatible with parameter of type "const char *"
..\..\User\user_SetAddr.c(129): warning:  #167-D: argument of type "unsigned char *" is incompatible with parameter of type "const char *"
..\..\User\user_SetAddr.c(133): warning:  #167-D: argument of type "unsigned char *" is incompatible with parameter of type "const char *"
..\..\User\user_SetAddr.c(137): warning:  #167-D: argument of type "unsigned char *" is incompatible with parameter of type "const char *"
..\..\User\user_SetAddr.c(141): warning:  #167-D: argument of type "unsigned char *" is incompatible with parameter of type "const char *"
..\..\User\user_SetAddr.c(145): warning:  #167-D: argument of type "unsigned char *" is incompatible with parameter of type "const char *"
..\..\User\user_SetAddr.c(149): warning:  #167-D: argument of type "unsigned char *" is incompatible with parameter of type "const char *"
..\..\User\user_SetAddr.c(153): warning:  #167-D: argument of type "unsigned char *" is incompatible with parameter of type "const char *"
..\..\User\user_SetAddr.c(157): warning:  #167-D: argument of type "unsigned char *" is incompatible with parameter of type "const char *"
..\..\User\user_SetAddr.c(161): warning:  #167-D: argument of type "unsigned char *" is incompatible with parameter of type "const char *"
..\..\User\user_SetAddr.c(165): warning:  #167-D: argument of type "unsigned char *" is incompatible with parameter of type "const char *"
..\..\User\user_SetAddr.c(169): warning:  #167-D: argument of type "unsigned char *" is incompatible with parameter of type "const char *"
..\..\User\user_SetAddr.c(173): warning:  #167-D: argument of type "unsigned char *" is incompatible with parameter of type "const char *"
..\..\User\user_SetAddr.c(177): warning:  #167-D: argument of type "unsigned char *" is incompatible with parameter of type "const char *"
..\..\User\user_SetAddr.c(181): warning:  #167-D: argument of type "unsigned char *" is incompatible with parameter of type "const char *"
..\..\User\user_SetAddr.c(258): warning:  #223-D: function "sscanf" declared implicitly
..\..\User\user_SetAddr.c(290): warning:  #223-D: function "sscanf" declared implicitly
..\..\User\user_SetAddr.c(291): warning:  #223-D: function "printf" declared implicitly
..\..\User\user_SetAddr.c(286): warning:  #177-D: variable "check" was declared but never referenced
..\..\User\user_SetAddr.c(456): warning:  #223-D: function "printf" declared implicitly
compiling user_SetConnect.c...
..\..\User\user_SaveOption.h(11): warning:  #1295-D: Deprecated declaration EEPROM_ReadRati - give arg types
..\..\User\user_SetConnect.c(198): warning:  #223-D: function "printf" declared implicitly
compiling user_SetPassword.c...
compiling user_SetTime.c...
compiling user_SetType.c...
compiling user_TestIO.c...
..\..\BoardSupport\com_uart.h(93): error:  #101: "RS485_UART0" has already been declared in the current scope
..\..\BoardSupport\com_uart.h(94): error:  #101: "RS485_UART2" has already been declared in the current scope
..\..\BoardSupport\com_uart.h(95): error:  #101: "RS485_UART3" has already been declared in the current scope
..\..\BoardSupport\com_uart.h(96): error:  #101: "RS485_UART4" has already been declared in the current scope
..\..\BoardSupport\com_uart.h(97): error:  #256: invalid redeclaration of type name "RS485_UART_NUM" (declared at line 105 of "..\..\User\DataStruct.h")
..\..\User\user_TestIO.c(191): warning:  #223-D: function "LISTVIEW_GetEnterInfo" declared implicitly
..\..\User\user_TestIO.c(182): warning:  #550-D: variable "uart1SendInfo" was set but never used
..\..\User\user_TestIO.c(183): warning:  #550-D: variable "hRadio" was set but never used
compiling user_TestRS485.c...
..\..\BoardSupport\com_uart.h(93): error:  #101: "RS485_UART0" has already been declared in the current scope
..\..\BoardSupport\com_uart.h(94): error:  #101: "RS485_UART2" has already been declared in the current scope
..\..\BoardSupport\com_uart.h(95): error:  #101: "RS485_UART3" has already been declared in the current scope
..\..\BoardSupport\com_uart.h(96): error:  #101: "RS485_UART4" has already been declared in the current scope
..\..\BoardSupport\com_uart.h(97): error:  #256: invalid redeclaration of type name "RS485_UART_NUM" (declared at line 105 of "..\..\User\DataStruct.h")
compiling user_TestSerial.c...
compiling user_SaveOption.c...
..\..\User\user_SaveOption.h(11): warning:  #1295-D: Deprecated declaration EEPROM_ReadRati - give arg types
..\..\User\user_SaveOption.c(208): warning:  #177-D: variable "i" was declared but never referenced
compiling user_file.c...
..\..\User\DataStruct.h(101): error:  #101: "RS485_UART0" has already been declared in the current scope
..\..\User\DataStruct.h(102): error:  #101: "RS485_UART2" has already been declared in the current scope
..\..\User\DataStruct.h(103): error:  #101: "RS485_UART3" has already been declared in the current scope
..\..\User\DataStruct.h(104): error:  #101: "RS485_UART4" has already been declared in the current scope
..\..\User\DataStruct.h(105): error:  #256: invalid redeclaration of type name "RS485_UART_NUM" (declared at line 97 of "..\..\BoardSupport\com_uart.h")
..\..\User\user_file.c(64): warning:  #68-D: integer conversion resulted in a change of sign
..\..\User\user_file.c(255): warning:  #177-D: variable "f2" was declared but never referenced
..\..\User\user_file.c(317): warning:  #550-D: variable "n" was set but never used
..\..\User\user_file.c(375): warning:  #550-D: variable "n" was set but never used
..\..\User\user_file.c(409): warning:  #550-D: variable "n" was set but never used
..\..\User\user_file.c(453): warning:  #550-D: variable "n" was set but never used
..\..\User\user_file.c(501): warning:  #181-D: argument is incompatible with corresponding format string conversion
..\..\User\user_file.c(501): warning:  #181-D: argument is incompatible with corresponding format string conversion
..\..\User\user_file.c(536): warning:  #181-D: argument is incompatible with corresponding format string conversion
..\..\User\user_file.c(558): warning:  #181-D: argument is incompatible with corresponding format string conversion
..\..\User\user_file.c(558): warning:  #181-D: argument is incompatible with corresponding format string conversion
..\..\User\user_file.c(566): warning:  #181-D: argument is incompatible with corresponding format string conversion
..\..\User\user_file.c(586): warning:  #181-D: argument is incompatible with corresponding format string conversion
..\..\User\user_file.c(586): warning:  #181-D: argument is incompatible with corresponding format string conversion
..\..\User\user_file.c(620): warning:  #181-D: argument is incompatible with corresponding format string conversion
..\..\User\user_file.c(620): warning:  #181-D: argument is incompatible with corresponding format string conversion
..\..\User\user_file.c(632): warning:  #181-D: argument is incompatible with corresponding format string conversion
compiling user_Correct.c...
..\..\BoardSupport\com_uart.h(93): error:  #101: "RS485_UART0" has already been declared in the current scope
..\..\BoardSupport\com_uart.h(94): error:  #101: "RS485_UART2" has already been declared in the current scope
..\..\BoardSupport\com_uart.h(95): error:  #101: "RS485_UART3" has already been declared in the current scope
..\..\BoardSupport\com_uart.h(96): error:  #101: "RS485_UART4" has already been declared in the current scope
..\..\BoardSupport\com_uart.h(97): error:  #256: invalid redeclaration of type name "RS485_UART_NUM" (declared at line 105 of "..\..\User\DataStruct.h")
..\..\User\user_SaveOption.h(11): warning:  #1295-D: Deprecated declaration EEPROM_ReadRati - give arg types
..\..\User\user_Correct.c(46): warning:  #1295-D: Deprecated declaration IfFinishedOneCorrect - give arg types
compiling user_ErrorRateRS485.c...
compiling EquipmentList.c...
..\..\User\DataStruct.h(101): error:  #101: "RS485_UART0" has already been declared in the current scope
..\..\User\DataStruct.h(102): error:  #101: "RS485_UART2" has already been declared in the current scope
..\..\User\DataStruct.h(103): error:  #101: "RS485_UART3" has already been declared in the current scope
..\..\User\DataStruct.h(104): error:  #101: "RS485_UART4" has already been declared in the current scope
..\..\User\DataStruct.h(105): error:  #256: invalid redeclaration of type name "RS485_UART_NUM" (declared at line 97 of "..\..\BoardSupport\com_uart.h")
..\..\Task\EquipmentList.c(164): warning:  #177-D: variable "phead" was declared but never referenced
..\..\Task\EquipmentList.c(194): warning:  #177-D: variable "pNext" was declared but never referenced
..\..\Task\EquipmentList.c(325): warning:  #177-D: variable "err" was declared but never referenced
..\..\Task\EquipmentList.c(326): warning:  #550-D: variable "n" was set but never used
compiling mbrtu_m.c...
..\..\FreeModbus\modbus\include\mbport.h(122): error:  #20: identifier "RS485_NUM" is undefined
..\..\FreeModbus\modbus\include\mbport.h(131): error:  #20: identifier "RS485_NUM" is undefined
..\..\FreeModbus\modbus\include\mbport.h(133): error:  #20: identifier "RS485_NUM" is undefined
..\..\FreeModbus\modbus\include\mbport.h(188): error:  #20: identifier "RS485_NUM" is undefined
..\..\FreeModbus\modbus\include\mbport.h(190): error:  #20: identifier "RS485_NUM" is undefined
..\..\FreeModbus\modbus\include\mb_m.h(120): error:  #20: identifier "RS485_NUM" is undefined
..\..\FreeModbus\modbus\rtu\mbrtu.h(54): error:  #20: identifier "RS485_NUM" is undefined
..\..\FreeModbus\modbus\rtu\mbrtu.h(59): error:  #20: identifier "RS485_NUM" is undefined
..\..\FreeModbus\modbus\rtu\mbrtu.h(60): error:  #20: identifier "RS485_NUM" is undefined
..\..\FreeModbus\modbus\rtu\mbrtu_m.c(90): error:  #20: identifier "RS485_NUM" is undefined
..\..\FreeModbus\modbus\rtu\mbrtu_m.c(167): warning:  #223-D: function "assert_param" declared implicitly
..\..\FreeModbus\modbus\rtu\mbrtu_m.c(238): error:  #20: identifier "RS485_NUM" is undefined
..\..\FreeModbus\modbus\rtu\mbrtu_m.c(243): warning:  #223-D: function "assert_param" declared implicitly
..\..\FreeModbus\modbus\rtu\mbrtu_m.c(305): error:  #20: identifier "RS485_NUM" is undefined
..\..\FreeModbus\modbus\rtu\mbrtu_m.c(309): warning:  #223-D: function "assert_param" declared implicitly
..\..\FreeModbus\modbus\rtu\mbrtu_m.c(376): warning:  #223-D: function "assert_param" declared implicitly
..\..\FreeModbus\modbus\rtu\mbrtu_m.c(396): warning:  #223-D: function "assert_param" declared implicitly
compiling mb_m.c...
..\..\FreeModbus\modbus\include\mbport.h(122): error:  #20: identifier "RS485_NUM" is undefined
..\..\FreeModbus\modbus\include\mbport.h(131): error:  #20: identifier "RS485_NUM" is undefined
..\..\FreeModbus\modbus\include\mbport.h(133): error:  #20: identifier "RS485_NUM" is undefined
..\..\FreeModbus\modbus\include\mbport.h(188): error:  #20: identifier "RS485_NUM" is undefined
..\..\FreeModbus\modbus\include\mbport.h(190): error:  #20: identifier "RS485_NUM" is undefined
..\..\FreeModbus\modbus\include\mb_m.h(120): error:  #20: identifier "RS485_NUM" is undefined
..\..\FreeModbus\modbus\mb_m.c(51): error:  #5: cannot open source input file "mbrtu.h": No such file or directory
compiling mbfunccoils_m.c...
..\..\FreeModbus\modbus\include\mbport.h(122): error:  #20: identifier "RS485_NUM" is undefined
..\..\FreeModbus\modbus\include\mbport.h(131): error:  #20: identifier "RS485_NUM" is undefined
..\..\FreeModbus\modbus\include\mbport.h(133): error:  #20: identifier "RS485_NUM" is undefined
..\..\FreeModbus\modbus\include\mbport.h(188): error:  #20: identifier "RS485_NUM" is undefined
..\..\FreeModbus\modbus\include\mbport.h(190): error:  #20: identifier "RS485_NUM" is undefined
..\..\FreeModbus\modbus\include\mb_m.h(120): error:  #20: identifier "RS485_NUM" is undefined
compiling mbfuncdisc_m.c...
..\..\FreeModbus\modbus\include\mbport.h(122): error:  #20: identifier "RS485_NUM" is undefined
..\..\FreeModbus\modbus\include\mbport.h(131): error:  #20: identifier "RS485_NUM" is undefined
..\..\FreeModbus\modbus\include\mbport.h(133): error:  #20: identifier "RS485_NUM" is undefined
..\..\FreeModbus\modbus\include\mbport.h(188): error:  #20: identifier "RS485_NUM" is undefined
..\..\FreeModbus\modbus\include\mbport.h(190): error:  #20: identifier "RS485_NUM" is undefined
..\..\FreeModbus\modbus\include\mb_m.h(120): error:  #20: identifier "RS485_NUM" is undefined
compiling mbfuncholding_m.c...
..\..\FreeModbus\modbus\include\mbport.h(122): error:  #20: identifier "RS485_NUM" is undefined
..\..\FreeModbus\modbus\include\mbport.h(131): error:  #20: identifier "RS485_NUM" is undefined
..\..\FreeModbus\modbus\include\mbport.h(133): error:  #20: identifier "RS485_NUM" is undefined
..\..\FreeModbus\modbus\include\mbport.h(188): error:  #20: identifier "RS485_NUM" is undefined
..\..\FreeModbus\modbus\include\mbport.h(190): error:  #20: identifier "RS485_NUM" is undefined
..\..\FreeModbus\modbus\include\mb_m.h(120): error:  #20: identifier "RS485_NUM" is undefined
compiling mbfuncinput_m.c...
..\..\FreeModbus\modbus\include\mbport.h(122): error:  #20: identifier "RS485_NUM" is undefined
..\..\FreeModbus\modbus\include\mbport.h(131): error:  #20: identifier "RS485_NUM" is undefined
..\..\FreeModbus\modbus\include\mbport.h(133): error:  #20: identifier "RS485_NUM" is undefined
..\..\FreeModbus\modbus\include\mbport.h(188): error:  #20: identifier "RS485_NUM" is undefined
..\..\FreeModbus\modbus\include\mbport.h(190): error:  #20: identifier "RS485_NUM" is undefined
..\..\FreeModbus\modbus\include\mb_m.h(120): error:  #20: identifier "RS485_NUM" is undefined
compiling portevent_m.c...
..\..\FreeModbus\modbus\include\mbport.h(122): error:  #20: identifier "RS485_NUM" is undefined
..\..\FreeModbus\modbus\include\mbport.h(131): error:  #20: identifier "RS485_NUM" is undefined
..\..\FreeModbus\modbus\include\mbport.h(133): error:  #20: identifier "RS485_NUM" is undefined
..\..\FreeModbus\modbus\include\mbport.h(188): error:  #20: identifier "RS485_NUM" is undefined
..\..\FreeModbus\modbus\include\mbport.h(190): error:  #20: identifier "RS485_NUM" is undefined
..\..\FreeModbus\modbus\include\mb_m.h(120): error:  #20: identifier "RS485_NUM" is undefined
compiling portserial_m.c...
..\..\FreeModbus\modbus\include\mbport.h(122): error:  #20: identifier "RS485_NUM" is undefined
..\..\FreeModbus\modbus\include\mbport.h(131): error:  #20: identifier "RS485_NUM" is undefined
..\..\FreeModbus\modbus\include\mbport.h(133): error:  #20: identifier "RS485_NUM" is undefined
..\..\FreeModbus\modbus\include\mbport.h(188): error:  #20: identifier "RS485_NUM" is undefined
..\..\FreeModbus\modbus\include\mbport.h(190): error:  #20: identifier "RS485_NUM" is undefined
..\..\LPC177x_8xLib\inc\lpc_types.h(55): error:  #40: expected an identifier
..\..\LPC177x_8xLib\inc\lpc_types.h(55): error:  #40: expected an identifier
..\..\FreeModbus\port\portserial_m.c(39): error:  #20: identifier "RS485_NUM" is undefined
..\..\FreeModbus\port\portserial_m.c(40): error:  #20: identifier "RS485_NUM" is undefined
..\..\FreeModbus\port\portserial_m.c(105): error:  #20: identifier "RS485_NUM" is undefined
..\..\FreeModbus\port\portserial_m.c(227): error:  #20: identifier "RS485_1" is undefined
..\..\FreeModbus\port\portserial_m.c(245): error:  #20: identifier "RS485_2" is undefined
..\..\FreeModbus\port\portserial_m.c(262): error:  #20: identifier "RS485_3" is undefined
..\..\FreeModbus\port\portserial_m.c(279): error:  #20: identifier "RS485_4" is undefined
..\..\FreeModbus\port\portserial_m.c(313): warning:  #111-D: statement is unreachable
..\..\FreeModbus\port\portserial_m.c(176): warning:  #550-D: variable "rs485cfg" was set but never used
..\..\FreeModbus\port\portserial_m.c(316): error:  #20: identifier "RS485_NUM" is undefined
..\..\FreeModbus\port\portserial_m.c(320): error:  #20: identifier "RS485_1" is undefined
..\..\FreeModbus\port\portserial_m.c(323): error:  #20: identifier "RS485_2" is undefined
..\..\FreeModbus\port\portserial_m.c(326): error:  #20: identifier "RS485_3" is undefined
..\..\FreeModbus\port\portserial_m.c(329): error:  #20: identifier "RS485_4" is undefined
..\..\FreeModbus\port\portserial_m.c(335): warning:  #111-D: statement is unreachable
..\..\FreeModbus\port\portserial_m.c(338): error:  #20: identifier "RS485_NUM" is undefined
..\..\FreeModbus\port\portserial_m.c(342): error:  #20: identifier "RS485_1" is undefined
..\..\FreeModbus\port\portserial_m.c(345): error:  #20: identifier "RS485_2" is undefined
..\..\FreeModbus\port\portserial_m.c(348): error:  #20: identifier "RS485_3" is undefined
..\..\FreeModbus\port\portserial_m.c(351): error:  #20: identifier "RS485_4" is undefined
..\..\FreeModbus\port\portserial_m.c(357): warning:  #111-D: statement is unreachable
..\..\FreeModbus\port\portserial_m.c(367): error:  #20: identifier "RS485_NUM" is undefined
..\..\FreeModbus\port\portserial_m.c(378): error:  #20: identifier "RS485_NUM" is undefined
..\..\FreeModbus\port\portserial_m.c(421): error:  #20: identifier "RS485_1" is undefined
..\..\FreeModbus\port\portserial_m.c(427): error:  #20: identifier "RS485_1" is undefined
..\..\FreeModbus\port\portserial_m.c(432): error:  #20: identifier "RS485_1" is undefined
..\..\FreeModbus\port\portserial_m.c(412): warning:  #550-D: variable "lineStatus" was set but never used
..\..\FreeModbus\port\portserial_m.c(457): error:  #20: identifier "RS485_2" is undefined
compiling porttimer_m.c...
..\..\FreeModbus\modbus\include\mbport.h(122): error:  #20: identifier "RS485_NUM" is undefined
..\..\FreeModbus\modbus\include\mbport.h(131): error:  #20: identifier "RS485_NUM" is undefined
..\..\FreeModbus\modbus\include\mbport.h(133): error:  #20: identifier "RS485_NUM" is undefined
..\..\FreeModbus\modbus\include\mbport.h(188): error:  #20: identifier "RS485_NUM" is undefined
..\..\FreeModbus\modbus\include\mbport.h(190): error:  #20: identifier "RS485_NUM" is undefined
..\..\FreeModbus\modbus\include\mb_m.h(120): error:  #20: identifier "RS485_NUM" is undefined
..\..\LPC177x_8xLib\inc\lpc_types.h(55): error:  #40: expected an identifier
..\..\LPC177x_8xLib\inc\lpc_types.h(55): error:  #40: expected an identifier
..\..\FreeModbus\port\porttimer_m.c(316): warning:  #550-D: variable "cpu_sr" was set but never used
compiling user_mb_app_m.c...
..\..\FreeModbus\modbus\include\mbport.h(122): error:  #20: identifier "RS485_NUM" is undefined
..\..\FreeModbus\modbus\include\mbport.h(131): error:  #20: identifier "RS485_NUM" is undefined
..\..\FreeModbus\modbus\include\mbport.h(133): error:  #20: identifier "RS485_NUM" is undefined
..\..\FreeModbus\modbus\include\mbport.h(188): error:  #20: identifier "RS485_NUM" is undefined
..\..\FreeModbus\modbus\include\mbport.h(190): error:  #20: identifier "RS485_NUM" is undefined
..\..\FreeModbus\modbus\include\mb_m.h(120): error:  #20: identifier "RS485_NUM" is undefined
"..\FLASH_obj\uc1788.axf" - 133 Errors, 77 Warning(s).
Target not created
Build target 'FLASH'
compiling eeprom_st24c02.c...
compiling tcp_test.c...
..\App\tcp_test.c(143): warning:  #177-D: variable "readFds" was declared but never referenced
..\App\tcp_test.c(143): warning:  #177-D: variable "writeFds" was declared but never referenced
..\App\tcp_test.c(143): warning:  #177-D: variable "exceptFds" was declared but never referenced
..\App\tcp_test.c(144): warning:  #177-D: variable "flag" was declared but never referenced
..\App\tcp_test.c(145): warning:  #177-D: variable "tv" was declared but never referenced
compiling user_BrowsTestpoint.c...
..\..\User\user_BrowsTestpoint.c(130): warning:  #181-D: argument is incompatible with corresponding format string conversion
..\..\User\user_BrowsTestpoint.c(239): warning:  #181-D: argument is incompatible with corresponding format string conversion
compiling user_DispBackpower.c...
compiling user_DispConnect.c...
compiling user_main.c...
..\..\User\user_SaveOption.h(11): warning:  #1295-D: Deprecated declaration EEPROM_ReadRati - give arg types
..\..\User\user_main.c(88): warning:  #1295-D: Deprecated declaration hvsftpd_main - give arg types
..\..\User\user_main.c(98): warning:  #177-D: variable "TaskErrorRateRS485Stk" was declared but never referenced
compiling user_menu.c...
..\..\User\user_menu.c(679): warning:  #223-D: function "LISTVIEW_GetEnterInfo" declared implicitly
compiling user_SetAddr.c...
..\..\User\user_SaveOption.h(11): warning:  #1295-D: Deprecated declaration EEPROM_ReadRati - give arg types
..\..\User\user_SetAddr.c(112): warning:  #223-D: function "sprintf" declared implicitly
..\..\User\user_SetAddr.c(113): warning:  #167-D: argument of type "unsigned char *" is incompatible with parameter of type "const char *"
..\..\User\user_SetAddr.c(117): warning:  #167-D: argument of type "unsigned char *" is incompatible with parameter of type "const char *"
..\..\User\user_SetAddr.c(121): warning:  #167-D: argument of type "unsigned char *" is incompatible with parameter of type "const char *"
..\..\User\user_SetAddr.c(125): warning:  #167-D: argument of type "unsigned char *" is incompatible with parameter of type "const char *"
..\..\User\user_SetAddr.c(129): warning:  #167-D: argument of type "unsigned char *" is incompatible with parameter of type "const char *"
..\..\User\user_SetAddr.c(133): warning:  #167-D: argument of type "unsigned char *" is incompatible with parameter of type "const char *"
..\..\User\user_SetAddr.c(137): warning:  #167-D: argument of type "unsigned char *" is incompatible with parameter of type "const char *"
..\..\User\user_SetAddr.c(141): warning:  #167-D: argument of type "unsigned char *" is incompatible with parameter of type "const char *"
..\..\User\user_SetAddr.c(145): warning:  #167-D: argument of type "unsigned char *" is incompatible with parameter of type "const char *"
..\..\User\user_SetAddr.c(149): warning:  #167-D: argument of type "unsigned char *" is incompatible with parameter of type "const char *"
..\..\User\user_SetAddr.c(153): warning:  #167-D: argument of type "unsigned char *" is incompatible with parameter of type "const char *"
..\..\User\user_SetAddr.c(157): warning:  #167-D: argument of type "unsigned char *" is incompatible with parameter of type "const char *"
..\..\User\user_SetAddr.c(161): warning:  #167-D: argument of type "unsigned char *" is incompatible with parameter of type "const char *"
..\..\User\user_SetAddr.c(165): warning:  #167-D: argument of type "unsigned char *" is incompatible with parameter of type "const char *"
..\..\User\user_SetAddr.c(169): warning:  #167-D: argument of type "unsigned char *" is incompatible with parameter of type "const char *"
..\..\User\user_SetAddr.c(173): warning:  #167-D: argument of type "unsigned char *" is incompatible with parameter of type "const char *"
..\..\User\user_SetAddr.c(177): warning:  #167-D: argument of type "unsigned char *" is incompatible with parameter of type "const char *"
..\..\User\user_SetAddr.c(181): warning:  #167-D: argument of type "unsigned char *" is incompatible with parameter of type "const char *"
..\..\User\user_SetAddr.c(258): warning:  #223-D: function "sscanf" declared implicitly
..\..\User\user_SetAddr.c(290): warning:  #223-D: function "sscanf" declared implicitly
..\..\User\user_SetAddr.c(291): warning:  #223-D: function "printf" declared implicitly
..\..\User\user_SetAddr.c(286): warning:  #177-D: variable "check" was declared but never referenced
..\..\User\user_SetAddr.c(456): warning:  #223-D: function "printf" declared implicitly
compiling user_SetConnect.c...
..\..\User\user_SaveOption.h(11): warning:  #1295-D: Deprecated declaration EEPROM_ReadRati - give arg types
..\..\User\user_SetConnect.c(198): warning:  #223-D: function "printf" declared implicitly
compiling user_SetPassword.c...
compiling user_SetTime.c...
compiling user_SetType.c...
compiling user_TestIO.c...
..\..\User\user_TestIO.c(191): warning:  #223-D: function "LISTVIEW_GetEnterInfo" declared implicitly
..\..\User\user_TestIO.c(182): warning:  #550-D: variable "uart1SendInfo" was set but never used
..\..\User\user_TestIO.c(183): warning:  #550-D: variable "hRadio" was set but never used
compiling user_TestRS485.c...
compiling user_TestSerial.c...
compiling user_SaveOption.c...
..\..\User\user_SaveOption.h(11): warning:  #1295-D: Deprecated declaration EEPROM_ReadRati - give arg types
..\..\User\user_SaveOption.c(208): warning:  #177-D: variable "i" was declared but never referenced
compiling user_file.c...
..\..\User\user_file.c(64): warning:  #68-D: integer conversion resulted in a change of sign
..\..\User\user_file.c(255): warning:  #177-D: variable "f2" was declared but never referenced
..\..\User\user_file.c(317): warning:  #550-D: variable "n" was set but never used
..\..\User\user_file.c(375): warning:  #550-D: variable "n" was set but never used
..\..\User\user_file.c(409): warning:  #550-D: variable "n" was set but never used
..\..\User\user_file.c(453): warning:  #550-D: variable "n" was set but never used
..\..\User\user_file.c(501): warning:  #181-D: argument is incompatible with corresponding format string conversion
..\..\User\user_file.c(501): warning:  #181-D: argument is incompatible with corresponding format string conversion
..\..\User\user_file.c(536): warning:  #181-D: argument is incompatible with corresponding format string conversion
..\..\User\user_file.c(558): warning:  #181-D: argument is incompatible with corresponding format string conversion
..\..\User\user_file.c(558): warning:  #181-D: argument is incompatible with corresponding format string conversion
..\..\User\user_file.c(566): warning:  #181-D: argument is incompatible with corresponding format string conversion
..\..\User\user_file.c(586): warning:  #181-D: argument is incompatible with corresponding format string conversion
..\..\User\user_file.c(586): warning:  #181-D: argument is incompatible with corresponding format string conversion
..\..\User\user_file.c(620): warning:  #181-D: argument is incompatible with corresponding format string conversion
..\..\User\user_file.c(620): warning:  #181-D: argument is incompatible with corresponding format string conversion
..\..\User\user_file.c(632): warning:  #181-D: argument is incompatible with corresponding format string conversion
compiling user_Correct.c...
..\..\User\user_SaveOption.h(11): warning:  #1295-D: Deprecated declaration EEPROM_ReadRati - give arg types
..\..\User\user_Correct.c(46): warning:  #1295-D: Deprecated declaration IfFinishedOneCorrect - give arg types
compiling user_ErrorRateRS485.c...
compiling EquipmentList.c...
..\..\Task\EquipmentList.c(164): warning:  #177-D: variable "phead" was declared but never referenced
..\..\Task\EquipmentList.c(194): warning:  #177-D: variable "pNext" was declared but never referenced
..\..\Task\EquipmentList.c(325): warning:  #177-D: variable "err" was declared but never referenced
..\..\Task\EquipmentList.c(326): warning:  #550-D: variable "n" was set but never used
compiling mbrtu_m.c...
..\..\FreeModbus\modbus\rtu\mbrtu_m.c(167): warning:  #223-D: function "assert_param" declared implicitly
..\..\FreeModbus\modbus\rtu\mbrtu_m.c(243): warning:  #223-D: function "assert_param" declared implicitly
..\..\FreeModbus\modbus\rtu\mbrtu_m.c(309): warning:  #223-D: function "assert_param" declared implicitly
..\..\FreeModbus\modbus\rtu\mbrtu_m.c(376): warning:  #223-D: function "assert_param" declared implicitly
..\..\FreeModbus\modbus\rtu\mbrtu_m.c(396): warning:  #223-D: function "assert_param" declared implicitly
compiling mb_m.c...
..\..\FreeModbus\modbus\mb_m.c(51): error:  #5: cannot open source input file "mbrtu.h": No such file or directory
compiling mbfunccoils_m.c...
compiling mbfuncdisc_m.c...
compiling mbfuncholding_m.c...
compiling mbfuncinput_m.c...
compiling portevent_m.c...
compiling portserial_m.c...
..\..\LPC177x_8xLib\inc\lpc_types.h(55): error:  #40: expected an identifier
..\..\LPC177x_8xLib\inc\lpc_types.h(55): error:  #40: expected an identifier
..\..\FreeModbus\port\portserial_m.c(227): error:  #20: identifier "RS485_1" is undefined
..\..\FreeModbus\port\portserial_m.c(176): warning:  #550-D: variable "rs485cfg" was set but never used
..\..\FreeModbus\port\portserial_m.c(320): error:  #20: identifier "RS485_1" is undefined
..\..\FreeModbus\port\portserial_m.c(342): error:  #20: identifier "RS485_1" is undefined
..\..\FreeModbus\port\portserial_m.c(421): error:  #20: identifier "RS485_1" is undefined
..\..\FreeModbus\port\portserial_m.c(427): error:  #20: identifier "RS485_1" is undefined
..\..\FreeModbus\port\portserial_m.c(432): error:  #20: identifier "RS485_1" is undefined
..\..\FreeModbus\port\portserial_m.c(412): warning:  #550-D: variable "lineStatus" was set but never used
..\..\FreeModbus\port\portserial_m.c(448): warning:  #550-D: variable "lineStatus" was set but never used
..\..\FreeModbus\port\portserial_m.c(483): warning:  #550-D: variable "lineStatus" was set but never used
..\..\FreeModbus\port\portserial_m.c(518): warning:  #550-D: variable "lineStatus" was set but never used
compiling porttimer_m.c...
..\..\LPC177x_8xLib\inc\lpc_types.h(55): error:  #40: expected an identifier
..\..\LPC177x_8xLib\inc\lpc_types.h(55): error:  #40: expected an identifier
..\..\FreeModbus\port\porttimer_m.c(316): warning:  #550-D: variable "cpu_sr" was set but never used
compiling user_mb_app_m.c...
"..\FLASH_obj\uc1788.axf" - 11 Errors, 77 Warning(s).
Target not created
Build target 'FLASH'
compiling system_LPC177x_8x.c...
compiling lpc177x_8x_clkpwr.c...
compiling lpc177x_8x_emc.c...
compiling lpc177x_8x_gpio.c...
compiling lpc177x_8x_pinsel.c...
compiling lpc177x_8x_rtc.c...
compiling lpc177x_8x_ssp.c...
compiling lpc177x_8x_timer.c...
compiling lpc177x_8x_emac.c...
compiling lpc177x_8x_lcd.c...
compiling lpc177x_8x_uart.c...
compiling lpc177x_8x_exti.c...
compiling lpc177x_8x_i2c.c...
compiling sdram_mt48lc8m32lfb5.c...
compiling norflash_sst39vf1601.c...
compiling nandflash_k9f4g08u0b.c...
compiling phylan_dm9161a.c...
compiling SSP_GT21L16S2W.c...
compiling GPIOConfig.c...
compiling com_uart.c...
compiling SSP_M25P128.c...
compiling eeprom_st24c02.c...
compiling yaffs_k9f4g08u0b.c...
compiling yaffs_nand_drv.c...
compiling ethernetif.c...
compiling app_hooks.c...
compiling nand_test.c...
compiling emac_test.c...
compiling user_key.c...
compiling user_BrowsTestpoint.c...
..\..\User\user_BrowsTestpoint.c(130): warning:  #181-D: argument is incompatible with corresponding format string conversion
..\..\User\user_BrowsTestpoint.c(239): warning:  #181-D: argument is incompatible with corresponding format string conversion
compiling user_DispBackpower.c...
compiling user_DispConnect.c...
compiling user_main.c...
..\..\User\user_SaveOption.h(11): warning:  #1295-D: Deprecated declaration EEPROM_ReadRati - give arg types
..\..\User\user_main.c(88): warning:  #1295-D: Deprecated declaration hvsftpd_main - give arg types
..\..\User\user_main.c(98): warning:  #177-D: variable "TaskErrorRateRS485Stk" was declared but never referenced
compiling user_menu.c...
..\..\User\user_menu.c(679): warning:  #223-D: function "LISTVIEW_GetEnterInfo" declared implicitly
compiling user_SetAddr.c...
..\..\User\user_SaveOption.h(11): warning:  #1295-D: Deprecated declaration EEPROM_ReadRati - give arg types
..\..\User\user_SetAddr.c(112): warning:  #223-D: function "sprintf" declared implicitly
..\..\User\user_SetAddr.c(113): warning:  #167-D: argument of type "unsigned char *" is incompatible with parameter of type "const char *"
..\..\User\user_SetAddr.c(117): warning:  #167-D: argument of type "unsigned char *" is incompatible with parameter of type "const char *"
..\..\User\user_SetAddr.c(121): warning:  #167-D: argument of type "unsigned char *" is incompatible with parameter of type "const char *"
..\..\User\user_SetAddr.c(125): warning:  #167-D: argument of type "unsigned char *" is incompatible with parameter of type "const char *"
..\..\User\user_SetAddr.c(129): warning:  #167-D: argument of type "unsigned char *" is incompatible with parameter of type "const char *"
..\..\User\user_SetAddr.c(133): warning:  #167-D: argument of type "unsigned char *" is incompatible with parameter of type "const char *"
..\..\User\user_SetAddr.c(137): warning:  #167-D: argument of type "unsigned char *" is incompatible with parameter of type "const char *"
..\..\User\user_SetAddr.c(141): warning:  #167-D: argument of type "unsigned char *" is incompatible with parameter of type "const char *"
..\..\User\user_SetAddr.c(145): warning:  #167-D: argument of type "unsigned char *" is incompatible with parameter of type "const char *"
..\..\User\user_SetAddr.c(149): warning:  #167-D: argument of type "unsigned char *" is incompatible with parameter of type "const char *"
..\..\User\user_SetAddr.c(153): warning:  #167-D: argument of type "unsigned char *" is incompatible with parameter of type "const char *"
..\..\User\user_SetAddr.c(157): warning:  #167-D: argument of type "unsigned char *" is incompatible with parameter of type "const char *"
..\..\User\user_SetAddr.c(161): warning:  #167-D: argument of type "unsigned char *" is incompatible with parameter of type "const char *"
..\..\User\user_SetAddr.c(165): warning:  #167-D: argument of type "unsigned char *" is incompatible with parameter of type "const char *"
..\..\User\user_SetAddr.c(169): warning:  #167-D: argument of type "unsigned char *" is incompatible with parameter of type "const char *"
..\..\User\user_SetAddr.c(173): warning:  #167-D: argument of type "unsigned char *" is incompatible with parameter of type "const char *"
..\..\User\user_SetAddr.c(177): warning:  #167-D: argument of type "unsigned char *" is incompatible with parameter of type "const char *"
..\..\User\user_SetAddr.c(181): warning:  #167-D: argument of type "unsigned char *" is incompatible with parameter of type "const char *"
..\..\User\user_SetAddr.c(258): warning:  #223-D: function "sscanf" declared implicitly
..\..\User\user_SetAddr.c(290): warning:  #223-D: function "sscanf" declared implicitly
..\..\User\user_SetAddr.c(291): warning:  #223-D: function "printf" declared implicitly
..\..\User\user_SetAddr.c(286): warning:  #177-D: variable "check" was declared but never referenced
..\..\User\user_SetAddr.c(456): warning:  #223-D: function "printf" declared implicitly
compiling user_SetConnect.c...
..\..\User\user_SaveOption.h(11): warning:  #1295-D: Deprecated declaration EEPROM_ReadRati - give arg types
..\..\User\user_SetConnect.c(198): warning:  #223-D: function "printf" declared implicitly
compiling user_SetPassword.c...
compiling user_SetTime.c...
compiling user_SetType.c...
compiling user_TestIO.c...
..\..\User\user_TestIO.c(191): warning:  #223-D: function "LISTVIEW_GetEnterInfo" declared implicitly
..\..\User\user_TestIO.c(182): warning:  #550-D: variable "uart1SendInfo" was set but never used
..\..\User\user_TestIO.c(183): warning:  #550-D: variable "hRadio" was set but never used
compiling user_TestRS485.c...
compiling user_TestSerial.c...
compiling LISTVIEW.c...
compiling MENU.c...
compiling user_SaveOption.c...
..\..\User\user_SaveOption.h(11): warning:  #1295-D: Deprecated declaration EEPROM_ReadRati - give arg types
..\..\User\user_SaveOption.c(208): warning:  #177-D: variable "i" was declared but never referenced
compiling user_file.c...
..\..\User\user_file.c(64): warning:  #68-D: integer conversion resulted in a change of sign
..\..\User\user_file.c(255): warning:  #177-D: variable "f2" was declared but never referenced
..\..\User\user_file.c(317): warning:  #550-D: variable "n" was set but never used
..\..\User\user_file.c(375): warning:  #550-D: variable "n" was set but never used
..\..\User\user_file.c(409): warning:  #550-D: variable "n" was set but never used
..\..\User\user_file.c(453): warning:  #550-D: variable "n" was set but never used
..\..\User\user_file.c(501): warning:  #181-D: argument is incompatible with corresponding format string conversion
..\..\User\user_file.c(501): warning:  #181-D: argument is incompatible with corresponding format string conversion
..\..\User\user_file.c(536): warning:  #181-D: argument is incompatible with corresponding format string conversion
..\..\User\user_file.c(558): warning:  #181-D: argument is incompatible with corresponding format string conversion
..\..\User\user_file.c(558): warning:  #181-D: argument is incompatible with corresponding format string conversion
..\..\User\user_file.c(566): warning:  #181-D: argument is incompatible with corresponding format string conversion
..\..\User\user_file.c(586): warning:  #181-D: argument is incompatible with corresponding format string conversion
..\..\User\user_file.c(586): warning:  #181-D: argument is incompatible with corresponding format string conversion
..\..\User\user_file.c(620): warning:  #181-D: argument is incompatible with corresponding format string conversion
..\..\User\user_file.c(620): warning:  #181-D: argument is incompatible with corresponding format string conversion
..\..\User\user_file.c(632): warning:  #181-D: argument is incompatible with corresponding format string conversion
compiling user_Correct.c...
..\..\User\user_SaveOption.h(11): warning:  #1295-D: Deprecated declaration EEPROM_ReadRati - give arg types
..\..\User\user_Correct.c(46): warning:  #1295-D: Deprecated declaration IfFinishedOneCorrect - give arg types
compiling user_ErrorRateRS485.c...
compiling EquipmentList.c...
..\..\Task\EquipmentList.c(164): warning:  #177-D: variable "phead" was declared but never referenced
..\..\Task\EquipmentList.c(194): warning:  #177-D: variable "pNext" was declared but never referenced
..\..\Task\EquipmentList.c(325): warning:  #177-D: variable "err" was declared but never referenced
..\..\Task\EquipmentList.c(326): warning:  #550-D: variable "n" was set but never used
compiling task_UartRcv.c...
..\..\Task\task_UartRcv.c(49): warning:  #111-D: statement is unreachable
compiling Sensor_Operation.c...
compiling G631Y2.c...
compiling mb_m.c...
..\..\FreeModbus\modbus\mb_m.c(51): error:  #5: cannot open source input file "mbrtu.h": No such file or directory
compiling portserial_m.c...
..\..\LPC177x_8xLib\inc\lpc_types.h(61): error:  #40: expected an identifier
..\..\FreeModbus\port\portserial_m.c(227): error:  #20: identifier "RS485_1" is undefined
..\..\FreeModbus\port\portserial_m.c(176): warning:  #550-D: variable "rs485cfg" was set but never used
..\..\FreeModbus\port\portserial_m.c(320): error:  #20: identifier "RS485_1" is undefined
..\..\FreeModbus\port\portserial_m.c(342): error:  #20: identifier "RS485_1" is undefined
..\..\FreeModbus\port\portserial_m.c(421): error:  #20: identifier "RS485_1" is undefined
..\..\FreeModbus\port\portserial_m.c(427): error:  #20: identifier "RS485_1" is undefined
..\..\FreeModbus\port\portserial_m.c(432): error:  #20: identifier "RS485_1" is undefined
..\..\FreeModbus\port\portserial_m.c(412): warning:  #550-D: variable "lineStatus" was set but never used
..\..\FreeModbus\port\portserial_m.c(448): warning:  #550-D: variable "lineStatus" was set but never used
..\..\FreeModbus\port\portserial_m.c(483): warning:  #550-D: variable "lineStatus" was set but never used
..\..\FreeModbus\port\portserial_m.c(518): warning:  #550-D: variable "lineStatus" was set but never used
compiling porttimer_m.c...
..\..\LPC177x_8xLib\inc\lpc_types.h(61): error:  #40: expected an identifier
..\..\FreeModbus\port\porttimer_m.c(316): warning:  #550-D: variable "cpu_sr" was set but never used
"..\FLASH_obj\uc1788.axf" - 9 Errors, 68 Warning(s).
Target not created
Build target 'FLASH'
compiling system_LPC177x_8x.c...
compiling lpc177x_8x_clkpwr.c...
compiling lpc177x_8x_emc.c...
compiling lpc177x_8x_gpio.c...
compiling lpc177x_8x_pinsel.c...
compiling lpc177x_8x_rtc.c...
compiling lpc177x_8x_ssp.c...
compiling lpc177x_8x_timer.c...
compiling lpc177x_8x_emac.c...
compiling lpc177x_8x_lcd.c...
compiling lpc177x_8x_uart.c...
compiling lpc177x_8x_exti.c...
compiling lpc177x_8x_i2c.c...
compiling sdram_mt48lc8m32lfb5.c...
compiling norflash_sst39vf1601.c...
compiling nandflash_k9f4g08u0b.c...
compiling phylan_dm9161a.c...
compiling SSP_GT21L16S2W.c...
compiling GPIOConfig.c...
compiling com_uart.c...
compiling SSP_M25P128.c...
compiling eeprom_st24c02.c...
compiling yaffs_k9f4g08u0b.c...
compiling yaffs_nand_drv.c...
compiling ethernetif.c...
compiling app_hooks.c...
compiling nand_test.c...
compiling tcp_test.c...
..\App\tcp_test.c(143): warning:  #177-D: variable "readFds" was declared but never referenced
..\App\tcp_test.c(143): warning:  #177-D: variable "writeFds" was declared but never referenced
..\App\tcp_test.c(143): warning:  #177-D: variable "exceptFds" was declared but never referenced
..\App\tcp_test.c(144): warning:  #177-D: variable "flag" was declared but never referenced
..\App\tcp_test.c(145): warning:  #177-D: variable "tv" was declared but never referenced
compiling emac_test.c...
compiling user_key.c...
compiling user_BrowsTestpoint.c...
..\..\User\user_BrowsTestpoint.c(130): warning:  #181-D: argument is incompatible with corresponding format string conversion
..\..\User\user_BrowsTestpoint.c(239): warning:  #181-D: argument is incompatible with corresponding format string conversion
compiling user_DispBackpower.c...
compiling user_DispConnect.c...
compiling user_main.c...
..\..\User\user_SaveOption.h(11): warning:  #1295-D: Deprecated declaration EEPROM_ReadRati - give arg types
..\..\User\user_main.c(88): warning:  #1295-D: Deprecated declaration hvsftpd_main - give arg types
..\..\User\user_main.c(98): warning:  #177-D: variable "TaskErrorRateRS485Stk" was declared but never referenced
compiling user_menu.c...
..\..\User\user_menu.c(679): warning:  #223-D: function "LISTVIEW_GetEnterInfo" declared implicitly
compiling user_SetAddr.c...
..\..\User\user_SaveOption.h(11): warning:  #1295-D: Deprecated declaration EEPROM_ReadRati - give arg types
..\..\User\user_SetAddr.c(112): warning:  #223-D: function "sprintf" declared implicitly
..\..\User\user_SetAddr.c(113): warning:  #167-D: argument of type "unsigned char *" is incompatible with parameter of type "const char *"
..\..\User\user_SetAddr.c(117): warning:  #167-D: argument of type "unsigned char *" is incompatible with parameter of type "const char *"
..\..\User\user_SetAddr.c(121): warning:  #167-D: argument of type "unsigned char *" is incompatible with parameter of type "const char *"
..\..\User\user_SetAddr.c(125): warning:  #167-D: argument of type "unsigned char *" is incompatible with parameter of type "const char *"
..\..\User\user_SetAddr.c(129): warning:  #167-D: argument of type "unsigned char *" is incompatible with parameter of type "const char *"
..\..\User\user_SetAddr.c(133): warning:  #167-D: argument of type "unsigned char *" is incompatible with parameter of type "const char *"
..\..\User\user_SetAddr.c(137): warning:  #167-D: argument of type "unsigned char *" is incompatible with parameter of type "const char *"
..\..\User\user_SetAddr.c(141): warning:  #167-D: argument of type "unsigned char *" is incompatible with parameter of type "const char *"
..\..\User\user_SetAddr.c(145): warning:  #167-D: argument of type "unsigned char *" is incompatible with parameter of type "const char *"
..\..\User\user_SetAddr.c(149): warning:  #167-D: argument of type "unsigned char *" is incompatible with parameter of type "const char *"
..\..\User\user_SetAddr.c(153): warning:  #167-D: argument of type "unsigned char *" is incompatible with parameter of type "const char *"
..\..\User\user_SetAddr.c(157): warning:  #167-D: argument of type "unsigned char *" is incompatible with parameter of type "const char *"
..\..\User\user_SetAddr.c(161): warning:  #167-D: argument of type "unsigned char *" is incompatible with parameter of type "const char *"
..\..\User\user_SetAddr.c(165): warning:  #167-D: argument of type "unsigned char *" is incompatible with parameter of type "const char *"
..\..\User\user_SetAddr.c(169): warning:  #167-D: argument of type "unsigned char *" is incompatible with parameter of type "const char *"
..\..\User\user_SetAddr.c(173): warning:  #167-D: argument of type "unsigned char *" is incompatible with parameter of type "const char *"
..\..\User\user_SetAddr.c(177): warning:  #167-D: argument of type "unsigned char *" is incompatible with parameter of type "const char *"
..\..\User\user_SetAddr.c(181): warning:  #167-D: argument of type "unsigned char *" is incompatible with parameter of type "const char *"
..\..\User\user_SetAddr.c(258): warning:  #223-D: function "sscanf" declared implicitly
..\..\User\user_SetAddr.c(290): warning:  #223-D: function "sscanf" declared implicitly
..\..\User\user_SetAddr.c(291): warning:  #223-D: function "printf" declared implicitly
..\..\User\user_SetAddr.c(286): warning:  #177-D: variable "check" was declared but never referenced
..\..\User\user_SetAddr.c(456): warning:  #223-D: function "printf" declared implicitly
compiling user_SetConnect.c...
..\..\User\user_SaveOption.h(11): warning:  #1295-D: Deprecated declaration EEPROM_ReadRati - give arg types
..\..\User\user_SetConnect.c(198): warning:  #223-D: function "printf" declared implicitly
compiling user_SetPassword.c...
compiling user_SetTime.c...
compiling user_SetType.c...
compiling user_TestIO.c...
..\..\User\user_TestIO.c(191): warning:  #223-D: function "LISTVIEW_GetEnterInfo" declared implicitly
..\..\User\user_TestIO.c(182): warning:  #550-D: variable "uart1SendInfo" was set but never used
..\..\User\user_TestIO.c(183): warning:  #550-D: variable "hRadio" was set but never used
compiling user_TestRS485.c...
compiling user_TestSerial.c...
compiling LISTVIEW.c...
compiling MENU.c...
compiling user_SaveOption.c...
..\..\User\user_SaveOption.h(11): warning:  #1295-D: Deprecated declaration EEPROM_ReadRati - give arg types
..\..\User\user_SaveOption.c(208): warning:  #177-D: variable "i" was declared but never referenced
compiling user_file.c...
..\..\User\user_file.c(64): warning:  #68-D: integer conversion resulted in a change of sign
..\..\User\user_file.c(255): warning:  #177-D: variable "f2" was declared but never referenced
..\..\User\user_file.c(317): warning:  #550-D: variable "n" was set but never used
..\..\User\user_file.c(375): warning:  #550-D: variable "n" was set but never used
..\..\User\user_file.c(409): warning:  #550-D: variable "n" was set but never used
..\..\User\user_file.c(453): warning:  #550-D: variable "n" was set but never used
..\..\User\user_file.c(501): warning:  #181-D: argument is incompatible with corresponding format string conversion
..\..\User\user_file.c(501): warning:  #181-D: argument is incompatible with corresponding format string conversion
..\..\User\user_file.c(536): warning:  #181-D: argument is incompatible with corresponding format string conversion
..\..\User\user_file.c(558): warning:  #181-D: argument is incompatible with corresponding format string conversion
..\..\User\user_file.c(558): warning:  #181-D: argument is incompatible with corresponding format string conversion
..\..\User\user_file.c(566): warning:  #181-D: argument is incompatible with corresponding format string conversion
..\..\User\user_file.c(586): warning:  #181-D: argument is incompatible with corresponding format string conversion
..\..\User\user_file.c(586): warning:  #181-D: argument is incompatible with corresponding format string conversion
..\..\User\user_file.c(620): warning:  #181-D: argument is incompatible with corresponding format string conversion
..\..\User\user_file.c(620): warning:  #181-D: argument is incompatible with corresponding format string conversion
..\..\User\user_file.c(632): warning:  #181-D: argument is incompatible with corresponding format string conversion
compiling user_Correct.c...
..\..\User\user_SaveOption.h(11): warning:  #1295-D: Deprecated declaration EEPROM_ReadRati - give arg types
..\..\User\user_Correct.c(46): warning:  #1295-D: Deprecated declaration IfFinishedOneCorrect - give arg types
compiling user_ErrorRateRS485.c...
compiling EquipmentList.c...
..\..\Task\EquipmentList.c(164): warning:  #177-D: variable "phead" was declared but never referenced
..\..\Task\EquipmentList.c(194): warning:  #177-D: variable "pNext" was declared but never referenced
..\..\Task\EquipmentList.c(325): warning:  #177-D: variable "err" was declared but never referenced
..\..\Task\EquipmentList.c(326): warning:  #550-D: variable "n" was set but never used
compiling task_UartRcv.c...
..\..\Task\task_UartRcv.c(49): warning:  #111-D: statement is unreachable
compiling Sensor_Operation.c...
compiling G631Y2.c...
compiling mbrtu_m.c...
..\..\FreeModbus\modbus\rtu\mbrtu_m.c(167): warning:  #223-D: function "assert_param" declared implicitly
..\..\FreeModbus\modbus\rtu\mbrtu_m.c(243): warning:  #223-D: function "assert_param" declared implicitly
..\..\FreeModbus\modbus\rtu\mbrtu_m.c(309): warning:  #223-D: function "assert_param" declared implicitly
..\..\FreeModbus\modbus\rtu\mbrtu_m.c(376): warning:  #223-D: function "assert_param" declared implicitly
..\..\FreeModbus\modbus\rtu\mbrtu_m.c(396): warning:  #223-D: function "assert_param" declared implicitly
compiling mb_m.c...
..\..\FreeModbus\modbus\mb_m.c(51): error:  #5: cannot open source input file "mbrtu.h": No such file or directory
compiling mbfunccoils_m.c...
compiling mbfuncdisc_m.c...
compiling mbfuncholding_m.c...
compiling mbfuncinput_m.c...
compiling portevent_m.c...
compiling portserial_m.c...
..\..\LPC177x_8xLib\inc\lpc_types.h(61): error:  #40: expected an identifier
..\..\FreeModbus\port\portserial_m.c(176): warning:  #550-D: variable "rs485cfg" was set but never used
..\..\FreeModbus\port\portserial_m.c(412): warning:  #550-D: variable "lineStatus" was set but never used
..\..\FreeModbus\port\portserial_m.c(448): warning:  #550-D: variable "lineStatus" was set but never used
..\..\FreeModbus\port\portserial_m.c(483): warning:  #550-D: variable "lineStatus" was set but never used
..\..\FreeModbus\port\portserial_m.c(518): warning:  #550-D: variable "lineStatus" was set but never used
compiling porttimer_m.c...
..\..\LPC177x_8xLib\inc\lpc_types.h(61): error:  #40: expected an identifier
..\..\FreeModbus\port\porttimer_m.c(316): warning:  #550-D: variable "cpu_sr" was set but never used
compiling user_mb_app_m.c...
"..\FLASH_obj\uc1788.axf" - 3 Errors, 78 Warning(s).
Target not created
Build target 'FLASH'
compiling system_LPC177x_8x.c...
compiling core_cm3.c...
compiling lpc177x_8x_clkpwr.c...
compiling lpc177x_8x_emc.c...
compiling lpc177x_8x_gpio.c...
compiling lpc177x_8x_pinsel.c...
compiling lpc177x_8x_rtc.c...
compiling lpc177x_8x_ssp.c...
compiling lpc177x_8x_timer.c...
compiling lpc177x_8x_emac.c...
compiling lpc177x_8x_lcd.c...
compiling lpc177x_8x_uart.c...
compiling lpc177x_8x_exti.c...
compiling lpc177x_8x_i2c.c...
compiling sdram_mt48lc8m32lfb5.c...
compiling norflash_sst39vf1601.c...
compiling nandflash_k9f4g08u0b.c...
compiling phylan_dm9161a.c...
compiling SSP_GT21L16S2W.c...
compiling GPIOConfig.c...
compiling com_uart.c...
compiling SSP_M25P128.c...
compiling eeprom_st24c02.c...
compiling os_core.c...
compiling os_flag.c...
compiling os_mbox.c...
compiling os_mem.c...
compiling os_mutex.c...
compiling os_q.c...
compiling os_sem.c...
compiling os_task.c...
compiling os_time.c...
compiling os_tmr.c...
compiling os_cpu_c.c...
compiling os_dbg.c...
compiling GUI_X_uCOS-II.c...
..\..\GuiLib\user\GUI_X_uCOS-II.c(45): warning:  #177-D: variable "KeyPressed" was declared but never referenced
..\..\GuiLib\user\GUI_X_uCOS-II.c(46): warning:  #177-D: variable "KeyIsInited" was declared but never referenced
..\..\GuiLib\user\GUI_X_uCOS-II.c(47): warning:  #550-D: variable "KeySem" was set but never used
..\..\GuiLib\user\GUI_X_uCOS-II.c(125): warning:  #177-D: function "CheckInit" was declared but never referenced
compiling yaffs_allocator.c...
compiling yaffs_attribs.c...
compiling yaffs_bitmap.c...
compiling yaffs_checkptrw.c...
compiling yaffs_ecc.c...
compiling yaffs_guts.c...
compiling yaffs_hweight.c...
compiling yaffs_k9f4g08u0b.c...
compiling yaffs_nameval.c...
compiling yaffs_nand.c...
compiling yaffs_nand_drv.c...
compiling yaffs_packedtags2.c...
compiling yaffs_qsort.c...
compiling yaffs_summary.c...
compiling yaffs_tagscompat.c...
compiling yaffs_tagsmarshall.c...
compiling yaffs_ucos_glue.c...
compiling yaffs_verify.c...
compiling yaffs_yaffs1.c...
compiling yaffs_yaffs2.c...
compiling yaffscfg2k.c...
compiling yaffsfs.c...
compiling sys_arch.c...
compiling etharp.c...
compiling slipif.c...
compiling api_lib.c...
compiling api_msg.c...
compiling err.c...
compiling netbuf.c...
compiling netdb.c...
compiling netifapi.c...
compiling sockets.c...
compiling tcpip.c...
compiling def.c...
compiling dhcp.c...
compiling dns.c...
compiling init.c...
compiling mem.c...
compiling memp.c...
compiling netif.c...
compiling pbuf.c...
compiling raw.c...
compiling stats.c...
compiling sys.c...
compiling tcp.c...
compiling tcp_in.c...
compiling tcp_out.c...
compiling timers.c...
compiling udp.c...
compiling autoip.c...
compiling icmp.c...
compiling igmp.c...
compiling inet.c...
compiling inet_chksum.c...
compiling ip.c...
compiling ip_addr.c...
compiling ip_frag.c...
compiling asn1_dec.c...
compiling asn1_enc.c...
compiling mib2.c...
compiling mib_structs.c...
compiling msg_in.c...
compiling msg_out.c...
compiling ethernetif.c...
compiling app_hooks.c...
compiling nand_test.c...
compiling fs_test.c...
compiling jlink_putc.c...
compiling sct_test.c...
compiling tcp_test.c...
..\App\tcp_test.c(143): warning:  #177-D: variable "readFds" was declared but never referenced
..\App\tcp_test.c(143): warning:  #177-D: variable "writeFds" was declared but never referenced
..\App\tcp_test.c(143): warning:  #177-D: variable "exceptFds" was declared but never referenced
..\App\tcp_test.c(144): warning:  #177-D: variable "flag" was declared but never referenced
..\App\tcp_test.c(145): warning:  #177-D: variable "tv" was declared but never referenced
compiling emac_test.c...
compiling user_key.c...
compiling user_BrowsTestpoint.c...
..\..\User\user_BrowsTestpoint.c(130): warning:  #181-D: argument is incompatible with corresponding format string conversion
..\..\User\user_BrowsTestpoint.c(239): warning:  #181-D: argument is incompatible with corresponding format string conversion
compiling user_DispBackpower.c...
compiling user_DispConnect.c...
compiling user_main.c...
..\..\User\user_SaveOption.h(11): warning:  #1295-D: Deprecated declaration EEPROM_ReadRati - give arg types
..\..\User\user_main.c(88): warning:  #1295-D: Deprecated declaration hvsftpd_main - give arg types
..\..\User\user_main.c(98): warning:  #177-D: variable "TaskErrorRateRS485Stk" was declared but never referenced
compiling user_menu.c...
..\..\User\user_menu.c(679): warning:  #223-D: function "LISTVIEW_GetEnterInfo" declared implicitly
compiling user_SetAddr.c...
..\..\User\user_SaveOption.h(11): warning:  #1295-D: Deprecated declaration EEPROM_ReadRati - give arg types
..\..\User\user_SetAddr.c(112): warning:  #223-D: function "sprintf" declared implicitly
..\..\User\user_SetAddr.c(113): warning:  #167-D: argument of type "unsigned char *" is incompatible with parameter of type "const char *"
..\..\User\user_SetAddr.c(117): warning:  #167-D: argument of type "unsigned char *" is incompatible with parameter of type "const char *"
..\..\User\user_SetAddr.c(121): warning:  #167-D: argument of type "unsigned char *" is incompatible with parameter of type "const char *"
..\..\User\user_SetAddr.c(125): warning:  #167-D: argument of type "unsigned char *" is incompatible with parameter of type "const char *"
..\..\User\user_SetAddr.c(129): warning:  #167-D: argument of type "unsigned char *" is incompatible with parameter of type "const char *"
..\..\User\user_SetAddr.c(133): warning:  #167-D: argument of type "unsigned char *" is incompatible with parameter of type "const char *"
..\..\User\user_SetAddr.c(137): warning:  #167-D: argument of type "unsigned char *" is incompatible with parameter of type "const char *"
..\..\User\user_SetAddr.c(141): warning:  #167-D: argument of type "unsigned char *" is incompatible with parameter of type "const char *"
..\..\User\user_SetAddr.c(145): warning:  #167-D: argument of type "unsigned char *" is incompatible with parameter of type "const char *"
..\..\User\user_SetAddr.c(149): warning:  #167-D: argument of type "unsigned char *" is incompatible with parameter of type "const char *"
..\..\User\user_SetAddr.c(153): warning:  #167-D: argument of type "unsigned char *" is incompatible with parameter of type "const char *"
..\..\User\user_SetAddr.c(157): warning:  #167-D: argument of type "unsigned char *" is incompatible with parameter of type "const char *"
..\..\User\user_SetAddr.c(161): warning:  #167-D: argument of type "unsigned char *" is incompatible with parameter of type "const char *"
..\..\User\user_SetAddr.c(165): warning:  #167-D: argument of type "unsigned char *" is incompatible with parameter of type "const char *"
..\..\User\user_SetAddr.c(169): warning:  #167-D: argument of type "unsigned char *" is incompatible with parameter of type "const char *"
..\..\User\user_SetAddr.c(173): warning:  #167-D: argument of type "unsigned char *" is incompatible with parameter of type "const char *"
..\..\User\user_SetAddr.c(177): warning:  #167-D: argument of type "unsigned char *" is incompatible with parameter of type "const char *"
..\..\User\user_SetAddr.c(181): warning:  #167-D: argument of type "unsigned char *" is incompatible with parameter of type "const char *"
..\..\User\user_SetAddr.c(258): warning:  #223-D: function "sscanf" declared implicitly
..\..\User\user_SetAddr.c(290): warning:  #223-D: function "sscanf" declared implicitly
..\..\User\user_SetAddr.c(291): warning:  #223-D: function "printf" declared implicitly
..\..\User\user_SetAddr.c(286): warning:  #177-D: variable "check" was declared but never referenced
..\..\User\user_SetAddr.c(456): warning:  #223-D: function "printf" declared implicitly
compiling user_SetConnect.c...
..\..\User\user_SaveOption.h(11): warning:  #1295-D: Deprecated declaration EEPROM_ReadRati - give arg types
..\..\User\user_SetConnect.c(198): warning:  #223-D: function "printf" declared implicitly
compiling user_SetPassword.c...
compiling user_SetTime.c...
compiling user_SetType.c...
compiling user_TestIO.c...
..\..\User\user_TestIO.c(191): warning:  #223-D: function "LISTVIEW_GetEnterInfo" declared implicitly
..\..\User\user_TestIO.c(182): warning:  #550-D: variable "uart1SendInfo" was set but never used
..\..\User\user_TestIO.c(183): warning:  #550-D: variable "hRadio" was set but never used
compiling user_TestRS485.c...
compiling user_TestSerial.c...
compiling user_TestTotal.c...
compiling user_UnitTest.c...
compiling LISTVIEW.c...
compiling MENU.c...
compiling user_SaveOption.c...
..\..\User\user_SaveOption.h(11): warning:  #1295-D: Deprecated declaration EEPROM_ReadRati - give arg types
..\..\User\user_SaveOption.c(208): warning:  #177-D: variable "i" was declared but never referenced
compiling user_file.c...
..\..\User\user_file.c(64): warning:  #68-D: integer conversion resulted in a change of sign
..\..\User\user_file.c(255): warning:  #177-D: variable "f2" was declared but never referenced
..\..\User\user_file.c(317): warning:  #550-D: variable "n" was set but never used
..\..\User\user_file.c(375): warning:  #550-D: variable "n" was set but never used
..\..\User\user_file.c(409): warning:  #550-D: variable "n" was set but never used
..\..\User\user_file.c(453): warning:  #550-D: variable "n" was set but never used
..\..\User\user_file.c(501): warning:  #181-D: argument is incompatible with corresponding format string conversion
..\..\User\user_file.c(501): warning:  #181-D: argument is incompatible with corresponding format string conversion
..\..\User\user_file.c(536): warning:  #181-D: argument is incompatible with corresponding format string conversion
..\..\User\user_file.c(558): warning:  #181-D: argument is incompatible with corresponding format string conversion
..\..\User\user_file.c(558): warning:  #181-D: argument is incompatible with corresponding format string conversion
..\..\User\user_file.c(566): warning:  #181-D: argument is incompatible with corresponding format string conversion
..\..\User\user_file.c(586): warning:  #181-D: argument is incompatible with corresponding format string conversion
..\..\User\user_file.c(586): warning:  #181-D: argument is incompatible with corresponding format string conversion
..\..\User\user_file.c(620): warning:  #181-D: argument is incompatible with corresponding format string conversion
..\..\User\user_file.c(620): warning:  #181-D: argument is incompatible with corresponding format string conversion
..\..\User\user_file.c(632): warning:  #181-D: argument is incompatible with corresponding format string conversion
compiling user_Correct.c...
..\..\User\user_SaveOption.h(11): warning:  #1295-D: Deprecated declaration EEPROM_ReadRati - give arg types
..\..\User\user_Correct.c(46): warning:  #1295-D: Deprecated declaration IfFinishedOneCorrect - give arg types
compiling user_ErrorRateRS485.c...
compiling EquipmentList.c...
..\..\Task\EquipmentList.c(164): warning:  #177-D: variable "phead" was declared but never referenced
..\..\Task\EquipmentList.c(194): warning:  #177-D: variable "pNext" was declared but never referenced
..\..\Task\EquipmentList.c(325): warning:  #177-D: variable "err" was declared but never referenced
..\..\Task\EquipmentList.c(326): warning:  #550-D: variable "n" was set but never used
compiling task_UartRcv.c...
..\..\Task\task_UartRcv.c(49): warning:  #111-D: statement is unreachable
compiling Sensor_Operation.c...
compiling G631Y2.c...
compiling action.c...
compiling alloc.c...
compiling auth.c...
compiling cgi.c...
compiling crypt.c...
compiling file.c...
compiling fs.c...
compiling goahead.c...
compiling http.c...
compiling js.c...
compiling jst.c...
compiling options.c...
compiling osdep.c...
compiling rom-documents.c...
compiling route.c...
compiling runtime.c...
compiling socket.c...
compiling upload.c...
compiling cmd.c...
compiling hfio.c...
compiling hfsocket.c...
compiling hvsftpd.c...
compiling port.c...
compiling session.c...
compiling mbrtu_m.c...
..\..\FreeModbus\modbus\rtu\mbrtu_m.c(167): warning:  #223-D: function "assert_param" declared implicitly
..\..\FreeModbus\modbus\rtu\mbrtu_m.c(243): warning:  #223-D: function "assert_param" declared implicitly
..\..\FreeModbus\modbus\rtu\mbrtu_m.c(309): warning:  #223-D: function "assert_param" declared implicitly
..\..\FreeModbus\modbus\rtu\mbrtu_m.c(376): warning:  #223-D: function "assert_param" declared implicitly
..\..\FreeModbus\modbus\rtu\mbrtu_m.c(396): warning:  #223-D: function "assert_param" declared implicitly
compiling mb_m.c...
compiling mbfunccoils_m.c...
compiling mbfuncdisc_m.c...
compiling mbfuncholding_m.c...
compiling mbfuncinput_m.c...
compiling FMBport.c...
compiling portevent_m.c...
compiling portserial_m.c...
..\..\FreeModbus\port\portserial_m.c(176): warning:  #550-D: variable "rs485cfg" was set but never used
..\..\FreeModbus\port\portserial_m.c(412): warning:  #550-D: variable "lineStatus" was set but never used
..\..\FreeModbus\port\portserial_m.c(448): warning:  #550-D: variable "lineStatus" was set but never used
..\..\FreeModbus\port\portserial_m.c(483): warning:  #550-D: variable "lineStatus" was set but never used
..\..\FreeModbus\port\portserial_m.c(518): warning:  #550-D: variable "lineStatus" was set but never used
compiling porttimer_m.c...
..\..\FreeModbus\port\porttimer_m.c(316): warning:  #550-D: variable "cpu_sr" was set but never used
compiling user_mb_app_m.c...
linking...
..\FLASH_obj\uc1788.axf: Error: L6218E: Undefined symbol assert_param (referred from mbrtu_m.o).
..\FLASH_obj\uc1788.axf: Error: L6218E: Undefined symbol usMBCRC16 (referred from mbrtu_m.o).
..\FLASH_obj\uc1788.axf: Error: L6218E: Undefined symbol eMBFuncReportSlaveID (referred from mb_m.o).
..\FLASH_obj\uc1788.axf: Error: L6218E: Undefined symbol vMBMasterCBRequestScuuess (referred from mb_m.o).
..\FLASH_obj\uc1788.axf: Error: L6218E: Undefined symbol prveMBError2Exception (referred from mbfunccoils_m.o).
..\FLASH_obj\uc1788.axf: Error: L6218E: Undefined symbol xMBUtilGetBits (referred from user_mb_app_m.o).
..\FLASH_obj\uc1788.axf: Error: L6218E: Undefined symbol xMBUtilSetBits (referred from user_mb_app_m.o).
"..\FLASH_obj\uc1788.axf" - 7 Errors, 82 Warning(s).
Target not created
Build target 'FLASH'
compiling mbrtu_m.c...
compiling mb_m.c...
compiling mbfunccoils_m.c...
compiling mbfuncdisc_m.c...
compiling mbfuncholding_m.c...
compiling mbfuncinput_m.c...
compiling FMBport.c...
compiling portevent_m.c...
compiling portserial_m.c...
..\..\FreeModbus\port\portserial_m.c(176): warning:  #550-D: variable "rs485cfg" was set but never used
..\..\FreeModbus\port\portserial_m.c(412): warning:  #550-D: variable "lineStatus" was set but never used
..\..\FreeModbus\port\portserial_m.c(448): warning:  #550-D: variable "lineStatus" was set but never used
..\..\FreeModbus\port\portserial_m.c(483): warning:  #550-D: variable "lineStatus" was set but never used
..\..\FreeModbus\port\portserial_m.c(518): warning:  #550-D: variable "lineStatus" was set but never used
compiling porttimer_m.c...
..\..\FreeModbus\port\porttimer_m.c(316): warning:  #550-D: variable "cpu_sr" was set but never used
compiling user_mb_app_m.c...
linking...
..\FLASH_obj\uc1788.axf: Error: L6218E: Undefined symbol usMBCRC16 (referred from mbrtu_m.o).
..\FLASH_obj\uc1788.axf: Error: L6218E: Undefined symbol eMBFuncReportSlaveID (referred from mb_m.o).
..\FLASH_obj\uc1788.axf: Error: L6218E: Undefined symbol vMBMasterCBRequestScuuess (referred from mb_m.o).
..\FLASH_obj\uc1788.axf: Error: L6218E: Undefined symbol prveMBError2Exception (referred from mbfunccoils_m.o).
..\FLASH_obj\uc1788.axf: Error: L6218E: Undefined symbol xMBUtilGetBits (referred from user_mb_app_m.o).
..\FLASH_obj\uc1788.axf: Error: L6218E: Undefined symbol xMBUtilSetBits (referred from user_mb_app_m.o).
"..\FLASH_obj\uc1788.axf" - 6 Errors, 6 Warning(s).
Target not created
Build target 'FLASH'
compiling mbcrc.c...
..\..\FreeModbus\modbus\rtu\mbcrc.c(34): error:  #20: identifier "UCHAR" is undefined
..\..\FreeModbus\modbus\rtu\mbcrc.c(59): error:  #20: identifier "UCHAR" is undefined
..\..\FreeModbus\modbus\rtu\mbcrc.c(84): error:  #20: identifier "USHORT" is undefined
..\..\FreeModbus\modbus\rtu\mbcrc.c(85): error:  #20: identifier "UCHAR" is undefined
..\..\FreeModbus\modbus\rtu\mbcrc.c(85): error:  #20: identifier "USHORT" is undefined
..\..\FreeModbus\modbus\rtu\mbcrc.c(87): error:  #20: identifier "UCHAR" is undefined
..\..\FreeModbus\modbus\rtu\mbcrc.c(88): error:  #20: identifier "UCHAR" is undefined
..\..\FreeModbus\modbus\rtu\mbcrc.c(94): error:  #20: identifier "UCHAR" is undefined
..\..\FreeModbus\modbus\rtu\mbcrc.c(97): error:  #20: identifier "USHORT" is undefined
"..\FLASH_obj\uc1788.axf" - 9 Errors, 0 Warning(s).
Target not created
Build target 'FLASH'
compiling mbcrc.c...
linking...
..\FLASH_obj\uc1788.axf: Error: L6218E: Undefined symbol eMBFuncReportSlaveID (referred from mb_m.o).
..\FLASH_obj\uc1788.axf: Error: L6218E: Undefined symbol vMBMasterCBRequestScuuess (referred from mb_m.o).
..\FLASH_obj\uc1788.axf: Error: L6218E: Undefined symbol prveMBError2Exception (referred from mbfunccoils_m.o).
..\FLASH_obj\uc1788.axf: Error: L6218E: Undefined symbol xMBUtilGetBits (referred from user_mb_app_m.o).
..\FLASH_obj\uc1788.axf: Error: L6218E: Undefined symbol xMBUtilSetBits (referred from user_mb_app_m.o).
"..\FLASH_obj\uc1788.axf" - 5 Errors, 0 Warning(s).
Target not created
Build target 'FLASH'
compiling mbcrc.c...
compiling mbfuncother.c...
linking...
..\FLASH_obj\uc1788.axf: Error: L6218E: Undefined symbol vMBMasterCBRequestScuuess (referred from mb_m.o).
..\FLASH_obj\uc1788.axf: Error: L6218E: Undefined symbol prveMBError2Exception (referred from mbfunccoils_m.o).
..\FLASH_obj\uc1788.axf: Error: L6218E: Undefined symbol xMBUtilGetBits (referred from user_mb_app_m.o).
..\FLASH_obj\uc1788.axf: Error: L6218E: Undefined symbol xMBUtilSetBits (referred from user_mb_app_m.o).
"..\FLASH_obj\uc1788.axf" - 4 Errors, 0 Warning(s).
Target not created
Build target 'FLASH'
compiling portevent_m.c...
..\..\FreeModbus\port\portevent_m.c(225): error:  #147-D: declaration is incompatible with "void vMBMasterCBRequestScuuess(void)" (declared at line 166 of "..\..\FreeModbus\modbus\include\mbport.h")
compiling mbfuncother.c...
"..\FLASH_obj\uc1788.axf" - 1 Errors, 0 Warning(s).
Target not created
Build target 'FLASH'
compiling mbrtu_m.c...
compiling mb_m.c...
..\..\FreeModbus\modbus\mb_m.c(339): error:  #165: too few arguments in function call
compiling mbfunccoils_m.c...
compiling mbfuncdisc_m.c...
compiling mbfuncholding_m.c...
compiling mbfuncinput_m.c...
compiling portevent_m.c...
compiling portserial_m.c...
..\..\FreeModbus\port\portserial_m.c(176): warning:  #550-D: variable "rs485cfg" was set but never used
..\..\FreeModbus\port\portserial_m.c(412): warning:  #550-D: variable "lineStatus" was set but never used
..\..\FreeModbus\port\portserial_m.c(448): warning:  #550-D: variable "lineStatus" was set but never used
..\..\FreeModbus\port\portserial_m.c(483): warning:  #550-D: variable "lineStatus" was set but never used
..\..\FreeModbus\port\portserial_m.c(518): warning:  #550-D: variable "lineStatus" was set but never used
compiling porttimer_m.c...
..\..\FreeModbus\port\porttimer_m.c(316): warning:  #550-D: variable "cpu_sr" was set but never used
compiling user_mb_app_m.c...
compiling mbfuncother.c...
"..\FLASH_obj\uc1788.axf" - 1 Errors, 6 Warning(s).
Target not created
Build target 'FLASH'
compiling mbrtu_m.c...
compiling mb_m.c...
compiling mbfunccoils_m.c...
compiling mbfuncdisc_m.c...
compiling mbfuncholding_m.c...
compiling mbfuncinput_m.c...
compiling portevent_m.c...
compiling portserial_m.c...
..\..\FreeModbus\port\portserial_m.c(176): warning:  #550-D: variable "rs485cfg" was set but never used
..\..\FreeModbus\port\portserial_m.c(412): warning:  #550-D: variable "lineStatus" was set but never used
..\..\FreeModbus\port\portserial_m.c(448): warning:  #550-D: variable "lineStatus" was set but never used
..\..\FreeModbus\port\portserial_m.c(483): warning:  #550-D: variable "lineStatus" was set but never used
..\..\FreeModbus\port\portserial_m.c(518): warning:  #550-D: variable "lineStatus" was set but never used
compiling porttimer_m.c...
..\..\FreeModbus\port\porttimer_m.c(316): warning:  #550-D: variable "cpu_sr" was set but never used
compiling user_mb_app_m.c...
compiling mbfuncother.c...
linking...
..\FLASH_obj\uc1788.axf: Error: L6218E: Undefined symbol prveMBError2Exception (referred from mbfunccoils_m.o).
..\FLASH_obj\uc1788.axf: Error: L6218E: Undefined symbol xMBUtilGetBits (referred from user_mb_app_m.o).
..\FLASH_obj\uc1788.axf: Error: L6218E: Undefined symbol xMBUtilSetBits (referred from user_mb_app_m.o).
"..\FLASH_obj\uc1788.axf" - 3 Errors, 6 Warning(s).
Target not created
Build target 'FLASH'
compiling mbutils.c...
linking...
Program Size: Code=306030 RO-data=13630 RW-data=11500 ZI-data=14903220  
"..\FLASH_obj\uc1788.axf" - 0 Errors, 0 Warning(s).
